2025-08-16T02:18:56.576Z verified=false sigHeader=cf0fc53a3fd7e066a0ad94013f7aeea8c5afe90f0c47b8339c0c89d8f6aa73d4
{"entity":{},"event":"payment_link.paid","payload":{"payment_link":{"entity":{"accept_partial":false,"amount":1000,"amount_paid":0,"cancelled_at":0,"created_at":1755309608,"currency":"INR","customer":{"contact":"9876543210","email":"good@example.com","name":"Good"},"description":"CodePod order","expire_by":0,"expired_at":0,"first_min_partial_amount":0,"id":"plink_R5pjEAW8QlxzFH","notes":null,"notify":{"email":false,"sms":false,"whatsapp":false},"payments":null,"reference_id":"local_1755309608285","reminder_enable":false,"reminders":[],"short_url":"https://rzp.io/rzp/ltqXZvX5","status":"created","updated_at":1755309608,"upi_link":false,"user_id":"","whatsapp_link":false}}}}

2025-08-16T02:19:15.724Z verified=true sigHeader=3de032fb7f27bc6bac97e9a192b87b8d747360c222ca061f073d85d2d32a3f13
{"entity":{},"event":"payment_link.paid","payload":{"payment_link":{"entity":{"accept_partial":false,"amount":1000,"amount_paid":0,"cancelled_at":0,"created_at":1755309608,"currency":"INR","customer":{"contact":"9876543210","email":"good@example.com","name":"Good"},"description":"CodePod order","expire_by":0,"expired_at":0,"first_min_partial_amount":0,"id":"plink_R5pjEAW8QlxzFH","notes":null,"notify":{"email":false,"sms":false,"whatsapp":false},"payments":null,"reference_id":"local_1755309608285","reminder_enable":false,"reminders":[],"short_url":"https://rzp.io/rzp/ltqXZvX5","status":"created","updated_at":1755309608,"upi_link":false,"user_id":"","whatsapp_link":false}}}}

2025-08-16T02:26:27.878Z verified=true sigHeader=3de032fb7f27bc6bac97e9a192b87b8d747360c222ca061f073d85d2d32a3f13
{"entity":{},"event":"payment_link.paid","payload":{"payment_link":{"entity":{"accept_partial":false,"amount":1000,"amount_paid":0,"cancelled_at":0,"created_at":1755309608,"currency":"INR","customer":{"contact":"9876543210","email":"good@example.com","name":"Good"},"description":"CodePod order","expire_by":0,"expired_at":0,"first_min_partial_amount":0,"id":"plink_R5pjEAW8QlxzFH","notes":null,"notify":{"email":false,"sms":false,"whatsapp":false},"payments":null,"reference_id":"local_1755309608285","reminder_enable":false,"reminders":[],"short_url":"https://rzp.io/rzp/ltqXZvX5","status":"created","updated_at":1755309608,"upi_link":false,"user_id":"","whatsapp_link":false}}}}

2025-08-16T02:27:49.524Z verified=true sigHeader=3de032fb7f27bc6bac97e9a192b87b8d747360c222ca061f073d85d2d32a3f13
{"entity":{},"event":"payment_link.paid","payload":{"payment_link":{"entity":{"accept_partial":false,"amount":1000,"amount_paid":0,"cancelled_at":0,"created_at":1755309608,"currency":"INR","customer":{"contact":"9876543210","email":"good@example.com","name":"Good"},"description":"CodePod order","expire_by":0,"expired_at":0,"first_min_partial_amount":0,"id":"plink_R5pjEAW8QlxzFH","notes":null,"notify":{"email":false,"sms":false,"whatsapp":false},"payments":null,"reference_id":"local_1755309608285","reminder_enable":false,"reminders":[],"short_url":"https://rzp.io/rzp/ltqXZvX5","status":"created","updated_at":1755309608,"upi_link":false,"user_id":"","whatsapp_link":false}}}}

2025-08-16T02:37:50.215Z verified=false sigHeader=d94b9a56d348394a093b7037eb04b5dae21404bc237e402176d75518d868736d
{"event":"payment_link.paid","payload":{"payment_link":{"entity":{"id":"plink_R5qN2BVSxjkQ2a","reference_id":"local_1755311869454","short_url":"https://rzp.io/rzp/PVXT0Y6o"}}}}

2025-08-16T02:39:05.821Z verified=false sigHeader=de40185ed85fda767befc9fe28e0e8c85e23a3a65c48b308f83e17c9b197d6f6
{"event":"payment_link.paid","payload":{"payment_link":{"entity":{"id":"plink_R5qOMiOq1Exg9P","reference_id":"local_1755311945138","short_url":"https://rzp.io/rzp/Zekv9Ja"}}}}

2025-08-16T02:41:14.514Z verified=false sigHeader=1f330fd1ea7f20c46f9711881044a79bd81f03fb5a3ac37c54115d774a26ba28
{"event":"payment_link.paid","payload":{"payment_link":{"entity":{"id":"plink_R5qQdC6KBxrYO0","reference_id":"local_1755312073906","short_url":"https://rzp.io/rzp/fzKAkbbT"}}}}

2025-08-16T02:42:12.636Z verified=true sigHeader=6717f06d4bc521fb237976707e0a57116bf508c0abf77f120e4350d6a0527d9e skip=1
{"event":"payment_link.paid","payload":{"payment_link":{"entity":{"id":"plink_R5qRebAgLBXVRz","reference_id":"local_1755312132016","short_url":"https://rzp.io/rzp/rdfAQKLt"}}}}

2025-08-16T02:45:55.045Z verified=false sigHeader=c300c1fd3b6ced25f97c56a35cc93ebc3799acc5ae3d9afe4d5f24ebd39c2ada
{"event":"payment_link.paid","payload":{"payment_link":{"entity":{"id":"plink_R5qVZNnNrYc89P","reference_id":"local_1755312354294","short_url":"https://rzp.io/rzp/oKGlWMsE"}}}}

2025-08-16T02:46:49.045Z verified=false sigHeader=1b5016a771ce9b2507cf259943362e896cbf4cfdc44289f7f3358c5e16c1041f
{"event":"payment_link.paid","payload":{"payment_link":{"entity":{"id":"plink_R5qWWKGTC6FWLg","reference_id":"local_1755312408292","short_url":"https://rzp.io/rzp/ZLMQ0Tp1"}}}}

2025-08-16T02:46:49.049Z verified=true sigHeader=c664af89d21f153eb8fe35240062eb2085634b021704dbe4486aec4163904be7
{"event":"payment_link.paid","payload":{"payment_link":{"entity":{"id":"plink_R5qWWKGTC6FWLg","reference_id":"local_1755312408292","short_url":"https://rzp.io/rzp/ZLMQ0Tp1"}}}}

2025-08-16T02:50:49.354Z verified=false sigHeader=34deb8e6f74079ffb2abe71568a89ce3b9e9b823e7d2a246be907c4eb6d1aac2
{"event":"payment_link.paid","payload":{"payment_link":{"entity":{"id":"plink_R5qakdQjqIEOpZ","reference_id":"local_1755312648581","short_url":"https://rzp.io/rzp/AsrsQ2kb"}}}}

2025-08-16T02:51:22.803Z verified=true sigHeader=39910f611745a073087080bc3f19b89f5d34e53c98aa270856f72fddb916b51b
{"event":"payment_link.paid","payload":{"payment_link":{"entity":{"id":"plink_R5qbL94LwlRa2h","reference_id":"local_1755312682197","short_url":"https://rzp.io/rzp/m85cWwW"}}}}

